// Jest Snapshot v1, https://goo.gl/fbAQLP

exports[`getStrings Saga should call the fetchStringFailure action if the response errors 1`] = `
Object {
  "@@redux-saga/IO": true,
  "combinator": false,
  "payload": Object {
    "args": Array [
      "http://localhost:3000/api/strings",
    ],
    "context": null,
    "fn": [Function],
  },
  "type": "CALL",
}
`;

exports[`getStrings Saga should dispatch the fetchStringSuccess action if it requests the data successfully 1`] = `
Object {
  "@@redux-saga/IO": true,
  "combinator": false,
  "payload": Object {
    "args": Array [
      "http://localhost:3000/api/strings",
    ],
    "context": null,
    "fn": [Function],
  },
  "type": "CALL",
}
`;
