// Jest Snapshot v1, https://goo.gl/fbAQLP

exports[`postStrings Saga should post the string data 1`] = `
Object {
  "@@redux-saga/IO": true,
  "combinator": false,
  "payload": Object {
    "args": Array [
      "http://localhost:3000/api/strings",
      Object {
        "body": "{\\"string\\":\\"test1\\"}",
        "headers": Object {
          "Content-Type": "application/json",
        },
        "method": "POST",
      },
    ],
    "context": null,
    "fn": [Function],
  },
  "type": "CALL",
}
`;
